// Jest Snapshot v1, https://goo.gl/fbAQLP

exports[`components/Counter renders 1`] = `
<div>
  <h1>
    0
  </h1>
  <button
    onClick={[Function]}
  >
    increment
  </button>
  <br />
  <button
    disabled={undefined}
    onClick={[Function]}
  >
    load
  </button>
  <button
    onClick={[Function]}
  >
    reset
  </button>
  <button
    disabled={undefined}
    onClick={[Function]}
  >
    save
  </button>
  <h1
    className="error"
  />
</div>
`;
